Testing API Key: sk-mghoezswrddllcqoyefsedgqrsmtnjvikqbbklnqculxwpap
Status: 200
Body: {"object":"list","data":[{"id":"moonshotai/Kimi-K2-Thinking","object":"model","created":0,"owned_by":""},{"id":"deepseek-ai/DeepSeek-V3.2-Exp","object":"model","created":0,"owned_by":""},{"id":"deepseek-ai/DeepSeek-V3.1-Terminus","object":"model","created":0,"owned_by":""},{"id":"deepseek-ai/DeepSeek-V3.1","object":"model","created":0,"owned_by":""},{"id":"deepseek-ai/DeepSeek-V3","object":"model","created":0,"owned_by":""},{"id":"deepseek-ai/DeepSeek-R1","object":"model","created":0,"owned_by":""},{"id":"nex-agi/DeepSeek-V3.1-Nex-N1","object":"model","created":0,"owned_by":""},{"id":"MiniMaxAI/MiniMax-M2","object":"model","created":0,"owned_by":""},{"id":"Qwen/Qwen3-VL-32B-Instruct","object":"model","created":0,"owned_by":""},{"id":"Qwen/Qwen3-VL-32B-Thinking","object":"model","created":0,"owned_by":""},{"id":"Qwen/Qwen3-VL-8B-Instruct","object":"model","created":0,"owned_by":""},{"id":"Qwen/Qwen3-VL-8B-Thinking","object":"model","created":0,"owned_by":""},{"id":"Qwen/Qwen3-VL-235B-A22B-Instruct","object":"model","created":0,"owned_by":""},{"id":"Qwen/Qwen3-VL-235B-A22B-Thinking","object":"model","created":0,"owned_by":""},{"id":"Qwen/Qwen3-VL-30B-A3B-Instruct","object":"model","created":0,"owned_by":""},{"id":"Qwen/Qwen3-VL-30B-A3B-Thinking","object":"model","created":0,"owned_by":""},{"id":"moonshotai/Kimi-K2-Instruct-0905","object":"model","created":0,"owned_by":""},{"id":"openai/gpt-oss-120b","object":"model","created":0,"owned_by":""},{"id":"openai/gpt-oss-20b","object":"model","created":0,"owned_by":""},{"id":"zai-org/GLM-4.6","object":"model","created":0,"owned_by":""},{"id":"zai-org/GLM-4.5","object":"model","created":0,"owned_by":""},{"id":"zai-org/GLM-4.5-Air","object":"model","created":0,"owned_by":""},{"id":"zai-org/GLM-4.5V","object":"model","created":0,"owned_by":""},{"id":"Wan-AI/Wan2.2-I2V-A14B","object":"model","created":0,"owned_by":""},{"id":"Wan-AI/Wan2.2-T2V-A14B","object":"model","created":0,"owned_by":""},{"id":"inclusionAI/Ling-mini-2.0","object":"model","created":0,"owned_by":""},{"id":"inclusionAI/Ling-flash-2.0","object":"model","created":0,"owned_by":""},{"id":"inclusionAI/Ring-flash-2.0","object":"model","created":0,"owned_by":""},{"id":"tencent/Hunyuan-MT-7B","object":"model","created":0,"owned_by":""},{"id":"Qwen/Qwen3-Next-80B-A3B-Instruct","object":"model","created":0,"owned_by":""},{"id":"Qwen/Qwen3-Next-80B-A3B-Thinking","object":"model","created":0,"owned_by":""},{"id":"Qwen/Qwen3-Omni-30B-A3B-Instruct","object":"model","created":0,"owned_by":""},{"id":"Qwen/Qwen3-Omni-30B-A3B-Thinking","object":"model","created":0,"owned_by":""},{"id":"Qwen/Qwen3-Omni-30B-A3B-Captioner","object":"model","created":0,"owned_by":""},{"id":"Qwen/Qwen-Image","object":"model","created":0,"owned_by":""},{"id":"Qwen/Qwen3-Coder-480B-A35B-Instruct","object":"model","created":0,"owned_by":""},{"id":"Qwen/Qwen-Image-Edit","object":"model","created":0,"owned_by":""},{"id":"Qwen/Qwen3-Coder-30B-A3B-Instruct","object":"model","created":0,"owned_by":""},{"id":"Qwen/Qwen3-30B-A3B-Instruct-2507","object":"model","created":0,"owned_by":""},{"id":"Qwen/Qwen3-30B-A3B-Thinking-2507","object":"model","created":0,"owned_by":""},{"id":"Qwen/Qwen3-235B-A22B-Instruct-2507","object":"model","created":0,"owned_by":""},{"id":"Qwen/Qwen3-235B-A22B-Thinking-2507","object":"model","created":0,"owned_by":""},{"id":"stepfun-ai/step3","object":"model","created":0,"owned_by":""},{"id":"ByteDance-Seed/Seed-OSS-36B-Instruct","object":"model","created":0,"owned_by":""},{"id":"THUDM/GLM-4.1V-9B-Thinking","object":"model","created":0,"owned_by":""},{"id":"baidu/ERNIE-4.5-300B-A47B","object":"model","created":0,"owned_by":""},{"id":"tencent/Hunyuan-A13B-Instruct","object":"model","created":0,"owned_by":""},{"id":"moonshotai/Kimi-K2-Instruct","object":"model","created":0,"owned_by":""},{"id":"moonshotai/Kimi-Dev-72B","object":"model","created":0,"owned_by":""},{"id":"MiniMaxAI/MiniMax-M1-80k","object":"model","created":0,"owned_by":""},{"id":"Qwen/Qwen3-30B-A3B","object":"model","created":0,"owned_by":""},{"id":"Qwen/Qwen3-32B","object":"model","created":0,"owned_by":""},{"id":"Qwen/Qwen3-14B","object":"model","created":0,"owned_by":""},{"id":"Qwen/Qwen3-8B","object":"model","created":0,"owned_by":""},{"id":"Qwen/Qwen3-Reranker-8B","object":"model","created":0,"owned_by":""},{"id":"Qwen/Qwen3-Embedding-8B","object":"model","created":0,"owned_by":""},{"id":"Qwen/Qwen3-Reranker-4B","object":"model","created":0,"owned_by":""},{"id":"Qwen/Qwen3-Embedding-4B","object":"model","created":0,"owned_by":""},{"id":"Qwen/Qwen3-Reranker-0.6B","object":"model","created":0,"owned_by":""},{"id":"Qwen/Qwen3-Embedding-0.6B","object":"model","created":0,"owned_by":""},{"id":"black-forest-labs/FLUX.1-Kontext-pro","object":"model","created":0,"owned_by":""},{"id":"black-forest-labs/FLUX.1-Kontext-max","object":"model","created":0,"owned_by":""},{"id":"black-forest-labs/FLUX-1.1-pro-Ultra","object":"model","created":0,"owned_by":""},{"id":"black-forest-labs/FLUX-1.1-pro","object":"model","created":0,"owned_by":""},{"id":"black-forest-labs/FLUX.1-Kontext-dev","object":"model","created":0,"owned_by":""},{"id":"THUDM/GLM-Z1-32B-0414","object":"model","created":0,"owned_by":""},{"id":"THUDM/GLM-4-32B-0414","object":"model","created":0,"owned_by":""},{"id":"THUDM/GLM-Z1-9B-0414","object":"model","created":0,"owned_by":""},{"id":"THUDM/GLM-4-9B-0414","object":"model","created":0,"owned_by":""},{"id":"Qwen/Qwen2.5-VL-32B-Instruct","object":"model","created":0,"owned_by":""},{"id":"Qwen/Qwen3-235B-A22B","object":"model","created":0,"owned_by":""},{"id":"Qwen/QwQ-32B","object":"model","created":0,"owned_by":""},{"id":"Qwen/Qwen2.5-VL-72B-Instruct","object":"model","created":0,"owned_by":""},{"id":"Qwen/Qwen2.5-VL-7B-Instruct","object":"model","created":0,"owned_by":""},{"id":"deepseek-ai/DeepSeek-R1-Distill-Qwen-32B","object":"model","created":0,"owned_by":""},{"id":"deepseek-ai/DeepSeek-R1-Distill-Qwen-14B","object":"model","created":0,"owned_by":""},{"id":"deepseek-ai/DeepSeek-R1-Distill-Qwen-7B","object":"model","created":0,"owned_by":""},{"id":"Qwen/Qwen2.5-Coder-32B-Instruct","object":"model","created":0,"owned_by":""},{"id":"Qwen/Qwen2.5-72B-Instruct-128K","object":"model","created":0,"owned_by":""},{"id":"Qwen/Qwen2.5-72B-Instruct","object":"model","created":0,"owned_by":""},{"id":"deepseek-ai/deepseek-vl2","object":"model","created":0,"owned_by":""},{"id":"Qwen/Qwen2.5-32B-Instruct","object":"model","created":0,"owned_by":""},{"id":"Qwen/Qwen2.5-14B-Instruct","object":"model","created":0,"owned_by":""},{"id":"Qwen/Qwen2.5-7B-Instruct","object":"model","created":0,"owned_by":""},{"id":"IndexTeam/IndexTTS-2","object":"model","created":0,"owned_by":""},{"id":"meta-llama/Meta-Llama-3.1-8B-Instruct","object":"model","created":0,"owned_by":""},{"id":"black-forest-labs/FLUX.1-schnell","object":"model","created":0,"owned_by":""},{"id":"black-forest-labs/FLUX.1-dev","object":"model","created":0,"owned_by":""},{"id":"fishaudio/fish-speech-1.5","object":"model","created":0,"owned_by":""},{"id":"FunAudioLLM/CosyVoice2-0.5B","object":"model","created":0,"owned_by":""},{"id":"z-ai/GLM-4.5","object":"model","created":0,"owned_by":""},{"id":"z-ai/GLM-4.5-Air","object":"model","created":0,"owned_by":""}]}
